Testing URL: http://127.0.0.1:5000/api/suggestions?q=mrbeast
Status Code: 200
Response Data: []
WARNING: No suggestions found (but API worked)
